WARNING: Makefile 'package/feeds/luci/luci-app-radicale3/Makefile' has a dependency on 'rpcd-mod-rad3-enc', which does not exist
WARNING: Makefile 'package/QModem/application/qmodem/Makefile' has a dependency on 'kmod-mhi-wwan', which does not exist
WARNING: Makefile 'package/QModem/driver/nss/rmnet-nss/Makefile' has a dependency on 'kmod-qca-nss-drv', which does not exist
make[2]: Entering directory '/media/ye/sd240/900/immortalwrt-mt798x-6.6/scripts/config'
make[2]: 'conf' is up to date.
make[2]: Leaving directory '/media/ye/sd240/900/immortalwrt-mt798x-6.6/scripts/config'
 make[1] world
 make[2] target/compile
 make[2] package/cleanup
 make[3] -C target/linux compile
 make[2] buildinfo
 make[2] package/compile
 make[3] diffconfig buildversion feedsversion
 make[3] -C package/libs/libjson-c host-compile
 make[3] -C package/libs/toolchain compile
 make[3] -C package/kernel/gpio-button-hotplug compile
 make[3] -C package/libs/ncurses host-compile
 make[3] -C package/system/fwtool host-compile
 make[3] -C package/system/usign host-compile
 make[3] -C feeds/luci/modules/luci-base host-compile
 make[3] -C feeds/luci/contrib/package/csstidy host-compile
 make[3] -C package/utils/lua host-compile
 make[3] -C feeds/packages/lang/golang/golang host-compile
 make[3] -C package/devel/gperf host-compile
 make[3] -C package/libs/libiconv-full host-compile
 make[3] -C package/libs/libunistring host-compile
 make[3] -C feeds/packages/libs/libtasn1 host-compile
 make[3] -C feeds/packages/lang/perl host-compile
 make[3] -C feeds/packages/libs/libffi host-compile
 make[3] -C package/libs/readline host-compile
 make[3] -C package/utils/bzip2 host-compile
 make[3] -C feeds/packages/lang/luarocks host-compile
 make[3] -C feeds/packages/kernel/mtd-rw compile
 make[3] -C feeds/packages/lang/rust host-compile
 make[3] -C package/kernel/leds-ws2812b compile
 make[3] -C package/utils/bzip2 compile
 make[3] -C package/libs/argp-standalone compile
 make[3] -C package/libs/libnl compile
 make[3] -C package/libs/libpcap compile
 make[3] -C package/network/utils/resolveip compile
 make[4] scripts/config/conf
 make[3] -C package/mtk/drivers/wifi-profile compile
 make[3] -C package/mtk/applications/mii_mgr compile
 make[3] -C package/mtk/applications/mtk-smp compile
 make[3] -C package/mtk/applications/mtkhqos_util compile
 make[3] -C package/mtk/applications/regs compile
 make[3] -C package/mtk/drivers/conninfra compile
 make[3] -C package/network/services/dropbear compile
 make[3] -C package/network/utils/linux-atm compile
 make[3] -C package/utils/fitblk compile
 make[3] -C package/libs/libubox host-compile
 make[3] -C package/libs/libnl-tiny compile
 make[3] -C package/libs/libjson-c compile
 make[3] -C package/utils/lua compile
 make[3] -C package/libs/libmd compile
 make[3] -C package/firmware/linux-firmware compile
 make[3] -C package/network/utils/wireless-tools compile
 make[3] -C package/libs/zlib compile
 make[3] -C package/system/fwtool compile
 make[3] -C package/system/ucert host-compile
 make[3] -C package/libs/libsepol compile
 make[3] -C package/libs/musl-fts compile
 make[3] -C package/system/openwrt-keyring compile
 make[3] -C package/boot/arm-trusted-firmware-mediatek compile
 make[3] -C package/libs/sysfsutils compile
 make[3] -C package/boot/arm-trusted-firmware-mediatek compile
 make[3] -C package/libs/libmnl compile
 make[3] -C package/utils/mhz compile
 make[3] -C package/emortal/cpufreq compile
 make[3] -C package/libs/jansson compile
 make[3] -C feeds/luci/protocols/luci-proto-ppp compile
 make[3] -C feeds/luci/protocols/luci-proto-ipv6 compile
 make[3] -C feeds/luci/applications/luci-app-autoreboot compile
 make[3] -C package/system/ca-certificates compile
 make[3] -C package/libs/libxml2 host-compile
 make[3] -C package/libs/gmp compile
 make[3] -C package/boot/arm-trusted-firmware-mediatek compile
 make[3] -C feeds/packages/libs/libtasn1 compile
 make[3] -C feeds/packages/libs/libtirpc compile
 make[3] -C feeds/packages/lang/perl-parse-yapp host-compile
 make[3] -C feeds/packages/lang/python/python3 host-compile
 make[3] -C package/libs/libcap compile
 make[3] -C package/boot/arm-trusted-firmware-mediatek compile
 make[3] -C package/libs/popt compile
 make[3] -C feeds/packages/libs/liburing compile
 make[3] -C feeds/packages/libs/expat compile
 make[3] -C feeds/packages/libs/gdbm compile
 make[3] -C feeds/packages/libs/libdaemon compile
 make[3] -C package/boot/arm-trusted-firmware-mediatek compile
 make[3] -C feeds/packages/utils/attr compile
 make[3] -C feeds/packages/libs/libuv compile
 make[3] -C package/libs/mbedtls compile
 make[3] -C feeds/packages/libs/libcap-ng compile
 make[3] -C package/libs/libnfnetlink compile
 make[3] -C feeds/luci/libs/luci-lib-ip compile
 make[3] -C feeds/luci/libs/luci-lib-jsonc compile
 make[3] -C feeds/luci/libs/luci-lib-nixio compile
 make[3] -C feeds/packages/utils/acl compile
 make[3] -C feeds/packages/libs/lzo compile
 make[3] -C feeds/packages/net/chinadns-ng compile
 make[3] -C feeds/packages/utils/coremark compile
 make[3] -C feeds/packages/libs/nghttp2 compile
 make[3] -C feeds/packages/net/dns2socks compile
 make[3] -C feeds/packages/utils/exfatprogs compile
 make[3] -C feeds/packages/net/geoview compile
 make[3] -C package/libs/libtool compile
 make[3] -C package/utils/lua5.3 compile
 make[3] -C feeds/packages/utils/hwdata compile
 make[3] -C feeds/packages/net/ipt2socks compile
 make[3] -C feeds/packages/libs/libcbor compile
 make[3] -C feeds/packages/libs/libev compile
 make[3] -C feeds/packages/libs/libevdev compile
 make[3] -C package/libs/libxml2 compile
 make[3] -C feeds/packages/libs/libnvme compile
 make[3] -C feeds/packages/lang/lua5.4 compile
 make[3] -C feeds/packages/libs/yaml compile
 make[3] -C feeds/packages/net/microsocks compile
 make[3] -C feeds/packages/utils/mmc-utils compile
 make[3] -C feeds/packages/utils/nvme-cli compile
 make[3] -C feeds/packages/libs/libpam compile
 make[3] -C feeds/packages/net/tcping compile
 make[3] -C feeds/packages/utils/unzip compile
 make[3] -C package/libs/libusb compile
 make[3] -C feeds/packages/net/v2ray-plugin compile
 make[3] -C feeds/packages/net/wsdd2 compile
 make[3] -C feeds/packages/net/xray-core compile
 make[3] -C feeds/packages/libs/db compile
 make[3] -C feeds/packages/utils/gzip compile
 make[3] -C feeds/packages/utils/xz compile
 make[3] -C package/firmware/wireless-regdb compile
 make[3] -C package/libs/elfutils compile
 make[3] -C package/mtk/applications/datconf compile
 make[3] -C package/mtk/applications/switch compile
 make[3] -C package/network/utils/iw compile
 make[3] -C package/network/utils/tcpdump compile
 make[3] -C package/system/opkg host-compile
 make[3] -C package/libs/libubox compile
 make[3] -C package/kernel/linux compile
 make[3] -C package/libs/ncurses compile
 make[3] -C package/utils/jsonfilter compile
 make[3] -C package/libs/pcre2 compile
 make[3] -C package/system/usign compile
 make[3] -C feeds/packages/utils/lm-sensors compile
 make[3] -C package/network/utils/ethtool compile
 make[3] -C package/libs/libnftnl compile
 make[3] -C package/libs/gettext-full host-compile
 make[3] -C package/libs/nettle compile
 make[3] -C feeds/packages/libs/rpcsvc-proto host-compile
 make[3] -C package/libs/readline compile
 make[3] -C feeds/packages/utils/dbus compile
 make[3] -C package/network/services/relayd compile
 make[3] -C feeds/packages/utils/bc compile
 make[3] -C feeds/packages/utils/coreutils compile
 make[3] -C feeds/packages/kernel/fibocom-qmi-wwan compile
 make[3] -C feeds/packages/admin/htop compile
 make[3] -C feeds/packages/libs/libudev-zero compile
 make[3] -C feeds/packages/libs/libplist compile
 make[3] -C feeds/packages/lang/lua-cjson compile
 make[3] -C feeds/packages/lang/lyaml compile
 make[3] -C feeds/packages/utils/nano compile
 make[3] -C feeds/packages/kernel/quectel-qmi-wwan compile
 make[3] -C feeds/packages/net/simple-obfs compile
 make[3] -C feeds/packages/utils/bash compile
 make[3] -C feeds/packages/utils/usbutils compile
 make[3] -C package/libs/libbpf compile
 make[3] -C package/network/utils/ebtables compile
 make[3] -C package/mtk/drivers/warp compile
 make[3] -C package/network/ipv6/odhcp6c compile
 make[3] -C package/network/services/shellsync compile
 make[3] -C package/network/utils/ipset compile
 make[3] -C package/system/mtd compile
 make[3] -C package/system/urngd compile
 make[3] -C package/utils/usbmode compile
 make[3] -C package/system/ubus compile
 make[3] -C package/system/uci compile
 make[3] -C package/utils/util-linux compile
 make[3] -C package/libs/libselinux compile
 make[3] -C package/emortal/autocore compile
 make[3] -C package/network/utils/iwinfo compile
 make[3] -C feeds/packages/net/cgi-io compile
 make[3] -C package/network/utils/nftables compile
 make[3] -C package/kernel/cryptodev-linux compile
 make[3] -C feeds/packages/net/sing-box compile
 make[3] -C feeds/packages/libs/gnutls compile
 make[3] -C feeds/packages/net/samba4 host-compile
 make[3] -C feeds/packages/libs/avahi compile
 make[3] -C package/libs/libnetfilter-conntrack compile
 make[3] -C package/network/utils/iptables compile
 make[3] -C feeds/luci/protocols/luci-proto-relay compile
 make[3] -C feeds/packages/net/bonding compile
 make[3] -C feeds/packages/utils/btrfs-progs compile
 make[3] -C feeds/packages/utils/gptfdisk compile
 make[3] -C feeds/packages/libs/libimobiledevice-glue compile
 make[3] -C feeds/packages/utils/parted compile
 make[3] -C feeds/packages/lang/perl compile
 make[3] -C package/utils/f2fs-tools compile
 make[3] -C package/network/services/dnsmasq compile
 make[3] -C package/mtk/applications/mtwifi-cfg compile
 make[3] -C package/network/utils/fullconenat compile
 make[3] -C package/mtk/drivers/mt_wifi compile
 make[3] -C package/network/services/odhcpd compile
 make[3] -C feeds/packages/libs/avahi compile
 make[3] -C feeds/packages/libs/avahi compile
 make[3] -C package/network/services/ppp compile
 make[3] -C package/utils/ucode compile
 make[3] -C package/utils/mtd-utils compile
 make[3] -C package/utils/busybox compile
 make[3] -C package/utils/e2fsprogs compile
 make[3] -C package/utils/f2fs-tools compile
 make[3] -C package/utils/f2fs-tools compile
 make[3] -C package/utils/f2fs-tools compile
 make[3] -C feeds/luci/contrib/package/lucihttp compile
 make[3] -C package/system/rpcd compile
 make[3] -C feeds/luci/contrib/package/ucode-mod-html compile
 make[3] -C package/network/config/firewall4 compile
 make[3] -C feeds/luci/libs/rpcd-mod-rrdns compile
 make[3] -C package/libs/openssl compile
 make[3] -C feeds/luci/applications/luci-app-homeproxy compile
 make[3] -C feeds/packages/net/miniupnpd compile
 make[3] -C feeds/luci/libs/luci-lib-base compile
 make[3] -C feeds/luci/contrib/package/ucode-mod-lua compile
 make[3] -C feeds/packages/libs/libusbmuxd compile
 make[3] -C package/network/utils/iproute2 compile
 make[3] -C package/mtk/applications/luci-app-mtwifi-cfg compile
 make[3] -C package/libs/udebug compile
 make[3] -C feeds/luci/libs/rpcd-mod-luci compile
 make[3] -C package/network/config/netifd compile
 make[3] -C package/system/ubox compile
 make[3] -C feeds/luci/modules/luci-base compile
 make[3] -C package/network/utils/iproute2 compile
 make[3] -C package/system/urandom-seed compile
 make[3] -C package/system/fstools compile
 make[3] -C feeds/luci/applications/luci-app-package-manager compile
 make[3] -C feeds/luci/applications/luci-app-firewall compile
 make[3] -C feeds/luci/modules/luci-mod-network compile
 make[3] -C feeds/luci/modules/luci-mod-status compile
 make[3] -C feeds/luci/modules/luci-mod-system compile
 make[3] -C package/luci-theme-aurora compile
 make[3] -C feeds/luci/applications/luci-app-upnp compile
 make[3] -C feeds/luci/modules/luci-lua-runtime compile
 make[3] -C package/luci-app-aurora-config compile
 make[3] -C package/luci-app-mini-diskmanager/luci-app-mini-diskmanager compile
 make[3] -C package/luci-app-partexp/luci-app-partexp compile
 make[3] -C package/network/config/wifi-scripts compile
 make[3] -C package/system/procd compile
 make[3] -C package/boot/uboot-envtools compile
 make[3] -C package/emortal/automount compile
 make[3] -C feeds/luci/modules/luci-mod-admin-full compile
 make[3] -C feeds/luci/modules/luci-compat compile
 make[3] -C feeds/luci/libs/luci-lib-ipkg compile
 make[3] -C package/base-files compile
 make[3] -C package/libs/ustream-ssl compile
 make[3] -C feeds/packages/libs/libwebsockets compile
 make[3] -C feeds/packages/libs/afalg_engine compile
 make[3] -C feeds/packages/net/curl compile
 make[3] -C feeds/packages/net/haproxy compile
 make[3] -C feeds/packages/net/iperf3 compile
 make[3] -C feeds/packages/libs/libfido2 compile
 make[3] -C feeds/packages/libs/libimobiledevice compile
 make[3] -C feeds/packages/net/openssh compile
 make[3] -C feeds/packages/mail/nail compile
 make[3] -C feeds/packages/net/wget compile
 make[3] -C feeds/packages/lang/perl-net-cidr-lite compile
 make[3] -C feeds/packages/lang/perl-text-csv_xs compile
 make[3] -C package/libs/uclient compile
 make[3] -C package/mtk/applications/luci-app-eqos-mtk compile
 make[3] -C package/network/services/hostapd compile
 make[3] -C package/system/opkg compile
 make[3] -C package/network/services/uhttpd compile
 make[3] -C feeds/packages/utils/ttyd compile
 make[3] -C feeds/packages/net/xtables-addons compile
 make[3] -C feeds/luci/collections/luci-light compile
 make[3] -C feeds/luci/applications/luci-app-ttyd compile
 make[3] -C feeds/packages/utils/usbmuxd compile
 make[3] -C package/mtk/applications/luci-app-turboacc-mtk compile
 make[3] -C feeds/luci/collections/luci compile
 make[3] -C feeds/packages/net/samba4 compile
 make[3] -C feeds/packages/mail/msmtp compile
 make[3] -C package/luci-app-passwall compile
 make[3] -C package/emortal/default-settings compile
 make[3] -C feeds/packages/utils/smartmontools compile
 make[3] -C feeds/luci/applications/luci-app-samba4 compile
